<NER> Author names include <PER> Dean Koontz </PER> and <PER> Anne Rice </PER> .</NER> 
