<NER>The excited <PER> Emile Hesby </PER> waited for the letter written by <PER> Lucio Mowen </PER> . The letter contained a signature of approval for his future endeavors with <PER> Rebecca Skipworth </PER> .</NER> 
