Character limit exceeded (4000). Try again with a shorter text