<NER> <PER> Robert Smith </PER> and <PER> Maria Garcia </PER> should have per markers .</NER> 
