<NER>The fabled beast was briefly sighted yesterday by the <PER> Von Lepe </PER> concert .</NER> <NER> <PER> Jason " Jr . " Wheeler </PER> almost saw it years ago , however not a soul could make any sense out of what was partially behind the building .</NER> 
